// Jest Snapshot v1, https://goo.gl/fbAQLP

exports[`ButtonAsLink component should render proper markup 1`] = `ShallowWrapper {}`;
