// Jest Snapshot v1, https://goo.gl/fbAQLP

exports[`Learn component should render proper markup 1`] = `ShallowWrapper {}`;
