// Jest Snapshot v1, https://goo.gl/fbAQLP

exports[`Tooltip component Matches the snapshot 1`] = `ReactWrapper {}`;
